###############################################################################
#
# IAR ELF Linker V8.22.1.15669/W32 for ARM                03/Aug/2019  09:35:51
# Copyright 2007-2018 IAR Systems AB.
#
#    Output file  =  F:\STM32F407_Folder\工程1\Debug\Exe\demo.out
#    Map file     =  F:\STM32F407_Folder\工程1\Debug\List\demo.map
#    Command line =  
#        -f C:\Users\ZHANGY~1\AppData\Local\Temp\EW8C1D.tmp
#        (F:\STM32F407_Folder\工程1\Debug\Obj\delay.o
#        F:\STM32F407_Folder\工程1\Debug\Obj\DS18B20.o
#        F:\STM32F407_Folder\工程1\Debug\Obj\EE_24C02.o
#        F:\STM32F407_Folder\工程1\Debug\Obj\include.o
#        F:\STM32F407_Folder\工程1\Debug\Obj\Interface.o
#        F:\STM32F407_Folder\工程1\Debug\Obj\KEY.o
#        F:\STM32F407_Folder\工程1\Debug\Obj\lcd.o
#        F:\STM32F407_Folder\工程1\Debug\Obj\LED.o
#        F:\STM32F407_Folder\工程1\Debug\Obj\main.o
#        F:\STM32F407_Folder\工程1\Debug\Obj\misc.o
#        F:\STM32F407_Folder\工程1\Debug\Obj\PID.o
#        F:\STM32F407_Folder\工程1\Debug\Obj\PWM.o
#        F:\STM32F407_Folder\工程1\Debug\Obj\remote.o
#        F:\STM32F407_Folder\工程1\Debug\Obj\Scope.o
#        F:\STM32F407_Folder\工程1\Debug\Obj\startup_stm32f40_41xxx.o
#        F:\STM32F407_Folder\工程1\Debug\Obj\stm32f4xx_adc.o
#        F:\STM32F407_Folder\工程1\Debug\Obj\stm32f4xx_can.o
#        F:\STM32F407_Folder\工程1\Debug\Obj\stm32f4xx_crc.o
#        F:\STM32F407_Folder\工程1\Debug\Obj\stm32f4xx_cryp.o
#        F:\STM32F407_Folder\工程1\Debug\Obj\stm32f4xx_cryp_aes.o
#        F:\STM32F407_Folder\工程1\Debug\Obj\stm32f4xx_cryp_des.o
#        F:\STM32F407_Folder\工程1\Debug\Obj\stm32f4xx_cryp_tdes.o
#        F:\STM32F407_Folder\工程1\Debug\Obj\stm32f4xx_dac.o
#        F:\STM32F407_Folder\工程1\Debug\Obj\stm32f4xx_dbgmcu.o
#        F:\STM32F407_Folder\工程1\Debug\Obj\stm32f4xx_dcmi.o
#        F:\STM32F407_Folder\工程1\Debug\Obj\stm32f4xx_dma.o
#        F:\STM32F407_Folder\工程1\Debug\Obj\stm32f4xx_dma2d.o
#        F:\STM32F407_Folder\工程1\Debug\Obj\stm32f4xx_exti.o
#        F:\STM32F407_Folder\工程1\Debug\Obj\stm32f4xx_flash.o
#        F:\STM32F407_Folder\工程1\Debug\Obj\stm32f4xx_flash_ramfunc.o
#        F:\STM32F407_Folder\工程1\Debug\Obj\stm32f4xx_fsmc.o
#        F:\STM32F407_Folder\工程1\Debug\Obj\stm32f4xx_gpio.o
#        F:\STM32F407_Folder\工程1\Debug\Obj\stm32f4xx_hash.o
#        F:\STM32F407_Folder\工程1\Debug\Obj\stm32f4xx_hash_md5.o
#        F:\STM32F407_Folder\工程1\Debug\Obj\stm32f4xx_hash_sha1.o
#        F:\STM32F407_Folder\工程1\Debug\Obj\stm32f4xx_i2c.o
#        F:\STM32F407_Folder\工程1\Debug\Obj\stm32f4xx_it.o
#        F:\STM32F407_Folder\工程1\Debug\Obj\stm32f4xx_iwdg.o
#        F:\STM32F407_Folder\工程1\Debug\Obj\stm32f4xx_ltdc.o
#        F:\STM32F407_Folder\工程1\Debug\Obj\stm32f4xx_pwr.o
#        F:\STM32F407_Folder\工程1\Debug\Obj\stm32f4xx_rcc.o
#        F:\STM32F407_Folder\工程1\Debug\Obj\stm32f4xx_rng.o
#        F:\STM32F407_Folder\工程1\Debug\Obj\stm32f4xx_rtc.o
#        F:\STM32F407_Folder\工程1\Debug\Obj\stm32f4xx_sai.o
#        F:\STM32F407_Folder\工程1\Debug\Obj\stm32f4xx_sdio.o
#        F:\STM32F407_Folder\工程1\Debug\Obj\stm32f4xx_spi.o
#        F:\STM32F407_Folder\工程1\Debug\Obj\stm32f4xx_syscfg.o
#        F:\STM32F407_Folder\工程1\Debug\Obj\stm32f4xx_tim.o
#        F:\STM32F407_Folder\工程1\Debug\Obj\stm32f4xx_usart.o
#        F:\STM32F407_Folder\工程1\Debug\Obj\stm32f4xx_wwdg.o
#        F:\STM32F407_Folder\工程1\Debug\Obj\system_stm32f4xx.o
#        F:\STM32F407_Folder\工程1\Debug\Obj\TIM2Hander.o
#        F:\STM32F407_Folder\工程1\Debug\Obj\USART3.o -o
#        F:\STM32F407_Folder\工程1\Debug\Exe\demo.out --map
#        F:\STM32F407_Folder\工程1\Debug\List\demo.map --config
#        D:\IAR8.2\arm\config\linker\ST\stm32f407xG.icf --semihosting --entry
#        __iar_program_start --vfe --text_out locale)
#
###############################################################################

*******************************************************************************
*** RUNTIME MODEL ATTRIBUTES
***

CppFlavor       = *
__SystemLibrary = DLib
__dlib_version  = 6


*******************************************************************************
*** HEAP SELECTION
***

The basic heap was selected because no calls to memory allocation
functions were found in the application outside of system library
functions, and there are calls to deallocation functions in the
application.


*******************************************************************************
*** PLACEMENT SUMMARY
***

"A0":  place at 0x08000000 { ro section .intvec };
"P1":  place in [from 0x08000000 to 0x080fffff] { ro };
define block CSTACK with size = 8K, alignment = 8 { };
"P3":  place in [from 0x10000000 to 0x1000ffff] {
          block CSTACK, section .ccram };
define block HEAP with size = 8K, alignment = 8 { };
"P4":  place in [from 0x20000000 to 0x2001bfff] |
                [from 0x2001c000 to 0x2001ffff] { rw, block HEAP };
initialize by copy { rw };

No sections matched the following patterns:

  ro section application_specific_ro  in "P2"
  section .backup_sram                in "P5"
  section .ccram                      in "P3"


  Section            Kind        Address     Size  Object
  -------            ----        -------     ----  ------
"A0":                                       0x188
  .intvec            ro code  0x08000000    0x188  startup_stm32f40_41xxx.o [1]
                            - 0x08000188    0x188

"P1":                                     0x498d8
  .rodata            const    0x08000188  0x41560  lcd.o [1]
  .rodata            const    0x080416e8    0xe24  Scope.o [1]
  .rodata            const    0x0804250c    0xd5c  lcd.o [1]
  .text              ro code  0x08043268    0xc2a  xprintflarge_nomb.o [3]
  .text              ro code  0x08043e92      0xa  xsprout.o [3]
  .text              ro code  0x08043e9c     0x16  strchr.o [5]
  .text              ro code  0x08043eb4     0x40  xfail_s.o [3]
  .text              ro code  0x08043ef4     0x36  strlen.o [5]
  .text              ro code  0x08043f2c     0x58  memchr.o [5]
  .text              ro code  0x08043f84    0x22e  I64DivMod.o [5]
  .text              ro code  0x080441b4    0x1a2  DblMul.o [4]
  .text              ro code  0x08044358     0xa6  ABImemcpy.o [5]
  .text              ro code  0x08044400     0x70  frexp.o [4]
  .text              ro code  0x08044470     0x2e  DblCmpLe.o [4]
  .text              ro code  0x080444a0    0x246  DblDiv.o [4]
  .text              ro code  0x080446e8     0x28  DblToU32.o [4]
  .text              ro code  0x08044710     0x1a  U32ToDbl.o [4]
  .text              ro code  0x0804472c     0xe2  DblSub.o [4]
  .text              ro code  0x08044810      0x8  xlocale_c.o [3]
  .text              ro code  0x08044818      0x6  abort.o [3]
  .text              ro code  0x08044820      0x2  I64DivZer.o [5]
  .text              ro code  0x08044824    0x178  DblAdd.o [4]
  .text              ro code  0x0804499c     0x14  exit.o [6]
  .text              ro code  0x080449b0    0xc28  lcd.o [1]
  .text              ro code  0x080455d8    0x1ac  stm32f4xx_rcc.o [1]
  .text              ro code  0x08045784    0x136  stm32f4xx_gpio.o [1]
  .text              ro code  0x080458bc    0x120  stm32f4xx_fsmc.o [1]
  .text              ro code  0x080459dc    0x9e8  remote.o [1]
  .text              ro code  0x080463c4    0x330  stm32f4xx_tim.o [1]
  .text              ro code  0x080466f4     0x80  misc.o [1]
  .text              ro code  0x08046774    0x46c  EE_24C02.o [1]
  .text              ro code  0x08046be0    0x158  KEY.o [1]
  .text              ro code  0x08046d38     0x22  S32ToDbl.o [4]
  .text              ro code  0x08046d5c     0x40  sprintf.o [3]
  .text              ro code  0x08046d9c     0x48  FltToDbl.o [4]
  .text              ro code  0x08046de4    0x1ec  stm32f4xx_i2c.o [1]
  .rodata            const    0x08046fd0    0x5f0  lcd.o [1]
  .text              ro code  0x080475c0    0x558  DS18B20.o [1]
  .text              ro code  0x08047b18     0xbc  delay.o [1]
  .text              ro code  0x08047bd4     0x3a  DblToS32.o [4]
  .text              ro code  0x08047c10    0x424  Interface.o [1]
  .text              ro code  0x08048034    0x484  Scope.o [1]
  .text              ro code  0x080484b8      0x8  abs.o [3]
  .rodata            const    0x080484c0    0x474  lcd.o [1]
  .text              ro code  0x08048934    0x344  USART3.o [1]
  .text              ro code  0x08048c78    0x1e8  stm32f4xx_usart.o [1]
  .text              ro code  0x08048e60      0x6  ABImemclr4.o [5]
  .text              ro code  0x08048e68     0x28  printf.o [3]
  .text              ro code  0x08048e90     0x66  ABImemset.o [5]
  .text              ro code  0x08048ef8     0x4a  strcmp.o [5]
  .text              ro code  0x08048f44     0x32  ABImemset48.o [5]
  .text              ro code  0x08048f78    0x158  PID.o [1]
  .text              ro code  0x080490d0    0x154  system_stm32f4xx.o [1]
  .text              ro code  0x08049224     0xb4  LED.o [1]
  .text              ro code  0x080492d8     0x9c  PWM.o [1]
  .text              ro code  0x08049374     0x94  main.o [1]
  .text              ro code  0x08049408     0x78  stm32f4xx_it.o [1]
  .text              ro code  0x08049480     0x40  zero_init3.o [5]
  .text              ro code  0x080494c0     0x2c  copy_init3.o [5]
  .text              ro code  0x080494ec     0x28  data_init.o [5]
  .text              ro code  0x08049514     0x22  fpinit_M.o [4]
  .iar.init_table    const    0x08049538     0x24  - Linker created -
  .text              ro code  0x0804955c     0x1e  cmain.o [5]
  .text              ro code  0x0804957a      0x4  low_level_init.o [3]
  .text              ro code  0x0804957e      0x4  exit.o [3]
  .text              ro code  0x08049584      0xa  cexit.o [5]
  .rodata            const    0x08049590     0x1c  Interface.o [1]
  .rodata            const    0x080495ac     0x1c  Interface.o [1]
  .text              ro code  0x080495c8     0x1c  TIM2Hander.o [1]
  .text              ro code  0x080495e4     0x16  xprout.o [3]
  .text              ro code  0x080495fc      0xc  putchar.o [3]
  .rodata            const    0x08049608     0x14  DS18B20.o [1]
  .rodata            const    0x0804961c     0x14  DS18B20.o [1]
  .rodata            const    0x08049630     0x14  DS18B20.o [1]
  .rodata            const    0x08049644     0x14  DS18B20.o [1]
  .rodata            const    0x08049658     0x14  DS18B20.o [1]
  .rodata            const    0x0804966c     0x14  Interface.o [1]
  .rodata            const    0x08049680     0x14  remote.o [1]
  .rodata            const    0x08049694     0x14  USART3.o [1]
  .rodata            const    0x080496a8     0x14  USART3.o [1]
  .rodata            const    0x080496bc     0x14  USART3.o [1]
  .rodata            const    0x080496d0     0x14  USART3.o [1]
  .rodata            const    0x080496e4     0x10  DS18B20.o [1]
  .rodata            const    0x080496f4     0x10  DS18B20.o [1]
  .rodata            const    0x08049704     0x10  remote.o [1]
  .rodata            const    0x08049714     0x10  USART3.o [1]
  .text              ro code  0x08049724     0x10  startup_stm32f40_41xxx.o [1]
  .rodata            const    0x08049734      0xc  DS18B20.o [1]
  .rodata            const    0x08049740      0xc  Interface.o [1]
  .rodata            const    0x0804974c      0xc  remote.o [1]
  .rodata            const    0x08049758      0xc  remote.o [1]
  .rodata            const    0x08049764      0xc  USART3.o [1]
  .rodata            const    0x08049770      0xc  USART3.o [1]
  .rodata            const    0x0804977c      0xc  USART3.o [1]
  .text              ro code  0x08049788      0xc  cstartup_M.o [5]
  .rodata            const    0x08049794      0x8  DS18B20.o [1]
  .rodata            const    0x0804979c      0x8  DS18B20.o [1]
  .rodata            const    0x080497a4      0x8  Interface.o [1]
  .rodata            const    0x080497ac      0x8  Interface.o [1]
  .rodata            const    0x080497b4      0x8  Interface.o [1]
  .rodata            const    0x080497bc      0x8  Interface.o [1]
  .rodata            const    0x080497c4      0x8  Interface.o [1]
  .rodata            const    0x080497cc      0x8  remote.o [1]
  .rodata            const    0x080497d4      0x8  remote.o [1]
  .rodata            const    0x080497dc      0x8  remote.o [1]
  .rodata            const    0x080497e4      0x8  remote.o [1]
  .rodata            const    0x080497ec      0x8  remote.o [1]
  .rodata            const    0x080497f4      0x8  remote.o [1]
  .rodata            const    0x080497fc      0x8  remote.o [1]
  .rodata            const    0x08049804      0x8  Scope.o [1]
  .rodata            const    0x0804980c      0x8  Scope.o [1]
  .rodata            const    0x08049814      0x8  USART3.o [1]
  .rodata            const    0x0804981c      0x4  xlocale_c.o [3]
  .text              ro code  0x08049820      0x4  startup_stm32f40_41xxx.o [1]
  .text              ro code  0x08049824      0x4  startup_stm32f40_41xxx.o [1]
  .text              ro code  0x08049828      0x4  startup_stm32f40_41xxx.o [1]
  .text              ro code  0x0804982c      0x4  startup_stm32f40_41xxx.o [1]
  .text              ro code  0x08049830      0x4  startup_stm32f40_41xxx.o [1]
  .text              ro code  0x08049834      0x4  startup_stm32f40_41xxx.o [1]
  .text              ro code  0x08049838      0x4  startup_stm32f40_41xxx.o [1]
  .text              ro code  0x0804983c      0x4  startup_stm32f40_41xxx.o [1]
  .text              ro code  0x08049840      0x4  startup_stm32f40_41xxx.o [1]
  .text              ro code  0x08049844      0x4  startup_stm32f40_41xxx.o [1]
  .text              ro code  0x08049848      0x4  startup_stm32f40_41xxx.o [1]
  .text              ro code  0x0804984c      0x4  startup_stm32f40_41xxx.o [1]
  .text              ro code  0x08049850      0x4  startup_stm32f40_41xxx.o [1]
  .text              ro code  0x08049854      0x4  startup_stm32f40_41xxx.o [1]
  .text              ro code  0x08049858      0x4  startup_stm32f40_41xxx.o [1]
  .text              ro code  0x0804985c      0x4  startup_stm32f40_41xxx.o [1]
  .text              ro code  0x08049860      0x4  startup_stm32f40_41xxx.o [1]
  .text              ro code  0x08049864      0x4  startup_stm32f40_41xxx.o [1]
  .text              ro code  0x08049868      0x4  startup_stm32f40_41xxx.o [1]
  .text              ro code  0x0804986c      0x4  startup_stm32f40_41xxx.o [1]
  .text              ro code  0x08049870      0x4  startup_stm32f40_41xxx.o [1]
  .text              ro code  0x08049874      0x4  startup_stm32f40_41xxx.o [1]
  .text              ro code  0x08049878      0x4  startup_stm32f40_41xxx.o [1]
  .text              ro code  0x0804987c      0x4  startup_stm32f40_41xxx.o [1]
  .text              ro code  0x08049880      0x4  startup_stm32f40_41xxx.o [1]
  .text              ro code  0x08049884      0x4  startup_stm32f40_41xxx.o [1]
  .text              ro code  0x08049888      0x4  startup_stm32f40_41xxx.o [1]
  .text              ro code  0x0804988c      0x4  startup_stm32f40_41xxx.o [1]
  .text              ro code  0x08049890      0x4  startup_stm32f40_41xxx.o [1]
  .text              ro code  0x08049894      0x4  startup_stm32f40_41xxx.o [1]
  .text              ro code  0x08049898      0x4  startup_stm32f40_41xxx.o [1]
  .text              ro code  0x0804989c      0x4  startup_stm32f40_41xxx.o [1]
  .text              ro code  0x080498a0      0x4  startup_stm32f40_41xxx.o [1]
  .text              ro code  0x080498a4      0x4  startup_stm32f40_41xxx.o [1]
  .text              ro code  0x080498a8      0x4  startup_stm32f40_41xxx.o [1]
  .text              ro code  0x080498ac      0x4  startup_stm32f40_41xxx.o [1]
  .text              ro code  0x080498b0      0x4  startup_stm32f40_41xxx.o [1]
  .text              ro code  0x080498b4      0x4  startup_stm32f40_41xxx.o [1]
  .text              ro code  0x080498b8      0x4  startup_stm32f40_41xxx.o [1]
  .text              ro code  0x080498bc      0x4  startup_stm32f40_41xxx.o [1]
  .text              ro code  0x080498c0      0x4  startup_stm32f40_41xxx.o [1]
  .text              ro code  0x080498c4      0x4  startup_stm32f40_41xxx.o [1]
  .text              ro code  0x080498c8      0x4  startup_stm32f40_41xxx.o [1]
  .text              ro code  0x080498cc      0x4  startup_stm32f40_41xxx.o [1]
  .text              ro code  0x080498d0      0x4  startup_stm32f40_41xxx.o [1]
  .text              ro code  0x080498d4      0x4  startup_stm32f40_41xxx.o [1]
  .text              ro code  0x080498d8      0x4  startup_stm32f40_41xxx.o [1]
  .text              ro code  0x080498dc      0x4  startup_stm32f40_41xxx.o [1]
  .text              ro code  0x080498e0      0x4  startup_stm32f40_41xxx.o [1]
  .text              ro code  0x080498e4      0x4  startup_stm32f40_41xxx.o [1]
  .text              ro code  0x080498e8      0x4  startup_stm32f40_41xxx.o [1]
  .text              ro code  0x080498ec      0x4  startup_stm32f40_41xxx.o [1]
  .text              ro code  0x080498f0      0x4  startup_stm32f40_41xxx.o [1]
  .text              ro code  0x080498f4      0x4  startup_stm32f40_41xxx.o [1]
  .text              ro code  0x080498f8      0x4  startup_stm32f40_41xxx.o [1]
  .text              ro code  0x080498fc      0x4  startup_stm32f40_41xxx.o [1]
  .text              ro code  0x08049900      0x4  startup_stm32f40_41xxx.o [1]
  .text              ro code  0x08049904      0x4  startup_stm32f40_41xxx.o [1]
  .text              ro code  0x08049908      0x4  startup_stm32f40_41xxx.o [1]
  .text              ro code  0x0804990c      0x4  startup_stm32f40_41xxx.o [1]
  .text              ro code  0x08049910      0x4  startup_stm32f40_41xxx.o [1]
  .text              ro code  0x08049914      0x4  startup_stm32f40_41xxx.o [1]
  .text              ro code  0x08049918      0x4  startup_stm32f40_41xxx.o [1]
  .text              ro code  0x0804991c      0x4  startup_stm32f40_41xxx.o [1]
  .text              ro code  0x08049920      0x4  startup_stm32f40_41xxx.o [1]
  .text              ro code  0x08049924      0x4  startup_stm32f40_41xxx.o [1]
  .text              ro code  0x08049928      0x4  startup_stm32f40_41xxx.o [1]
  .text              ro code  0x0804992c      0x4  startup_stm32f40_41xxx.o [1]
  .text              ro code  0x08049930      0x4  startup_stm32f40_41xxx.o [1]
  .text              ro code  0x08049934      0x4  startup_stm32f40_41xxx.o [1]
  .text              ro code  0x08049938      0x4  startup_stm32f40_41xxx.o [1]
  .text              ro code  0x0804993c      0x4  startup_stm32f40_41xxx.o [1]
  .text              ro code  0x08049940      0x4  startup_stm32f40_41xxx.o [1]
  .text              ro code  0x08049944      0x4  startup_stm32f40_41xxx.o [1]
  .text              ro code  0x08049948      0x4  startup_stm32f40_41xxx.o [1]
  .text              ro code  0x0804994c      0x4  startup_stm32f40_41xxx.o [1]
  .text              ro code  0x08049950      0x4  startup_stm32f40_41xxx.o [1]
  .text              ro code  0x08049954      0x4  startup_stm32f40_41xxx.o [1]
  .rodata            const    0x08049958      0x0  zero_init3.o [5]
  .rodata            const    0x08049958      0x0  copy_init3.o [5]
  Initializer bytes  const    0x08049958    0x108  <for P4 s0>
                            - 0x08049a60  0x498d8

"P3":                                      0x2000
  CSTACK                      0x10000000   0x2000  <Block>
    CSTACK           uninit   0x10000000   0x2000  <Block tail>
                            - 0x10002000   0x2000

"P4", part 1 of 2:                          0x108
  P4 s0                       0x20000000    0x108  <Init block>
    .data            inited   0x20000000     0x48  xfiles.o [3]
    .data            inited   0x20000048     0x38  xlocale_c.o [3]
    .data            inited   0x20000080     0x20  USART3.o [1]
    .data            inited   0x200000a0     0x20  USART3.o [1]
    .data            inited   0x200000c0     0x20  USART3.o [1]
    .data            inited   0x200000e0     0x10  stm32f4xx_rcc.o [1]
    .data            inited   0x200000f0      0x8  remote.o [1]
    .data            inited   0x200000f8      0x4  DS18B20.o [1]
    .data            inited   0x200000fc      0x4  DS18B20.o [1]
    .data            inited   0x20000100      0x4  system_stm32f4xx.o [1]
    .data            inited   0x20000104      0x1  Interface.o [1]
    .data            inited   0x20000105      0x1  Scope.o [1]
                            - 0x20000108    0x108

"P4", part 2 of 2:                         0x107c
  .bss               zero     0x20000108    0xe24  Scope.o [1]
  .bss               zero     0x20000f2c    0x12c  USART3.o [1]
  .bss               zero     0x20001058     0x50  xfiles.o [3]
  .bss               zero     0x200010a8     0x34  lcd.o [1]
  .bss               zero     0x200010dc     0x14  remote.o [1]
  .bss               zero     0x200010f0     0x30  PID.o [1]
  .bss               zero     0x20001120     0x28  EE_24C02.o [1]
  .bss               zero     0x20001148      0xc  lcd.o [1]
  .bss               zero     0x20001154      0xc  remote.o [1]
  .bss               zero     0x20001160      0xc  USART3.o [1]
  .bss               zero     0x2000116c      0x4  delay.o [1]
  .bss               zero     0x20001170      0x4  xfail_s.o [3]
  .bss               zero     0x20001174      0x2  EE_24C02.o [1]
  .bss               zero     0x20001176      0x1  DS18B20.o [1]
  .bss               zero     0x20001177      0x1  DS18B20.o [1]
  .bss               zero     0x20001178      0x1  EE_24C02.o [1]
  .bss               zero     0x20001179      0x1  Interface.o [1]
  .bss               zero     0x2000117a      0x1  KEY.o [1]
  .bss               zero     0x2000117b      0x1  KEY.o [1]
  .bss               zero     0x2000117c      0x1  remote.o [1]
  .bss               zero     0x2000117d      0x1  remote.o [1]
  .bss               zero     0x2000117e      0x1  remote.o [1]
  .bss               zero     0x2000117f      0x1  Scope.o [1]
  .bss               zero     0x20001180      0x1  Scope.o [1]
                            - 0x20001181   0x1079


*******************************************************************************
*** INIT TABLE
***

          Address     Size
          -------     ----
Zero (__iar_zero_init3)
    1 destination range, total size 0x1079:
          0x20000108  0x1079

Copy (__iar_copy_init3)
    1 source range, total size 0x108 (100% of destination):
          0x08049958   0x108
    1 destination range, total size 0x106:
          0x20000000   0x106



*******************************************************************************
*** MODULE SUMMARY
***

    Module                    ro code  ro data  rw data
    ------                    -------  -------  -------
F:\STM32F407_Folder\工程1\Debug\Obj: [1]
    DS18B20.o                   1 368      168       10
    EE_24C02.o                  1 132                43
    Interface.o                 1 060      129        2
    KEY.o                         344                 2
    LED.o                         180
    PID.o                         344                48
    PWM.o                         156
    Scope.o                     1 156    3 637    3 623
    TIM2Hander.o                   28
    USART3.o                      836      236      408
    delay.o                       188                 4
    lcd.o                       3 112  273 696       64
    main.o                        148
    misc.o                        128
    remote.o                    2 536      124       43
    startup_stm32f40_41xxx.o      720
    stm32f4xx_fsmc.o              288
    stm32f4xx_gpio.o              310
    stm32f4xx_i2c.o               492
    stm32f4xx_it.o                120
    stm32f4xx_rcc.o               428       16       16
    stm32f4xx_tim.o               816
    stm32f4xx_usart.o             488
    system_stm32f4xx.o            340        4        4
    ---------------------------------------------------
    Total:                     16 718  278 010    4 267

command line: [2]
    ---------------------------------------------------
    Total:

dl7M_tlf.a: [3]
    abort.o                         6
    abs.o                           8
    exit.o                          4
    low_level_init.o                4
    printf.o                       40
    putchar.o                      12
    sprintf.o                      64
    xfail_s.o                      64                 4
    xfiles.o                                72      152
    xlocale_c.o                     8       60       56
    xprintflarge_nomb.o         3 114
    xprout.o                       22
    xsprout.o                      10
    ---------------------------------------------------
    Total:                      3 356      132      212

m7M_tls.a: [4]
    DblAdd.o                      376
    DblCmpLe.o                     46
    DblDiv.o                      582
    DblMul.o                      418
    DblSub.o                      226
    DblToS32.o                     58
    DblToU32.o                     40
    FltToDbl.o                     72
    S32ToDbl.o                     34
    U32ToDbl.o                     26
    fpinit_M.o                     34
    frexp.o                       112
    ---------------------------------------------------
    Total:                      2 024

rt7M_tl.a: [5]
    ABImemclr4.o                    6
    ABImemcpy.o                   166
    ABImemset.o                   102
    ABImemset48.o                  50
    I64DivMod.o                   558
    I64DivZer.o                     2
    cexit.o                        10
    cmain.o                        30
    copy_init3.o                   44
    cstartup_M.o                   12
    data_init.o                    40
    memchr.o                       88
    strchr.o                       22
    strcmp.o                       74
    strlen.o                       54
    zero_init3.o                   64
    ---------------------------------------------------
    Total:                      1 322

shb_l.a: [6]
    exit.o                         20
    ---------------------------------------------------
    Total:                         20

    Gaps                           40        4
    Linker created                          38    8 192
-------------------------------------------------------
    Grand Total:               23 480  278 184   12 671


*******************************************************************************
*** ENTRY LIST
***

Entry                      Address     Size  Type      Object
-----                      -------     ----  ----      ------
.iar.init_table$$Base   0x08049538            --   Gb  - Linker created -
.iar.init_table$$Limit  0x0804955c            --   Gb  - Linker created -
?main                   0x0804955d           Code  Gb  cmain.o [5]
APBAHBPrescTable        0x200000e0     0x10  Data  Lc  stm32f4xx_rcc.o [1]
Alarm_temp              0x080478d7    0x10c  Code  Gb  DS18B20.o [1]
Alarm_temp::warn_flag   0x20001176      0x1  Data  Lc  DS18B20.o [1]
Alarm_value             0x200000fc      0x4  Data  Gb  DS18B20.o [1]
BusFault_Handler        0x0804940f      0x2  Code  Gb  stm32f4xx_it.o [1]
CSTACK$$Base            0x10000000            --   Gb  - Linker created -
CSTACK$$Limit           0x10002000            --   Gb  - Linker created -
Color                   0x200000f0      0x8  Data  Gb  remote.o [1]
Cursor_move             0x08048349     0x96  Code  Gb  Scope.o [1]
Cursor_move::last_seat  0x20000105      0x1  Data  Lc  Scope.o [1]
DS18B20Check            0x08047657     0x66  Code  Gb  DS18B20.o [1]
DS18B20GetTemp          0x080477b7     0x5c  Code  Gb  DS18B20.o [1]
DS18B20IOIN             0x080475f5     0x28  Code  Gb  DS18B20.o [1]
DS18B20IOOUT            0x080475c1     0x34  Code  Gb  DS18B20.o [1]
DS18B20Init             0x0804761d      0xc  Code  Gb  DS18B20.o [1]
DS18B20ReadBit          0x080476bd     0x50  Code  Gb  DS18B20.o [1]
DS18B20ReadByte         0x0804770d     0x24  Code  Gb  DS18B20.o [1]
DS18B20Reset            0x08047629     0x2e  Code  Gb  DS18B20.o [1]
DS18B20Start            0x0804779f     0x18  Code  Gb  DS18B20.o [1]
DS18B20WriteByte        0x08047731     0x6e  Code  Gb  DS18B20.o [1]
DebugMon_Handler        0x08049415      0x2  Code  Gb  stm32f4xx_it.o [1]
Device_str              0x20000080     0x20  Data  Gb  USART3.o [1]
EEPROM_ADDRESS          0x20001174      0x2  Data  Gb  EE_24C02.o [1]
FSMC_NORSRAMCmd         0x0804599f     0x34  Code  Gb  stm32f4xx_fsmc.o [1]
FSMC_NORSRAMInit        0x080458bd     0xe2  Code  Gb  stm32f4xx_fsmc.o [1]
GPIO_Init               0x08045785     0xa4  Code  Gb  stm32f4xx_gpio.o [1]
GPIO_PinAFConfig        0x08045867     0x54  Code  Gb  stm32f4xx_gpio.o [1]
GPIO_ReadInputDataBit   0x08045829     0x14  Code  Gb  stm32f4xx_gpio.o [1]
GPIO_ReadOutputDataBit  0x0804583d     0x14  Code  Gb  stm32f4xx_gpio.o [1]
GPIO_ResetBits          0x08045855      0x4  Code  Gb  stm32f4xx_gpio.o [1]
GPIO_SetBits            0x08045851      0x4  Code  Gb  stm32f4xx_gpio.o [1]
GPIO_WriteBit           0x08045859      0xe  Code  Gb  stm32f4xx_gpio.o [1]
Gpio_24C02Init          0x08046775     0x80  Code  Lc  EE_24C02.o [1]
HardFault_Handler       0x0804940b      0x2  Code  Gb  stm32f4xx_it.o [1]
Hzk16                   0x08000188  0x41560  Data  Gb  lcd.o [1]
I2C_24c02Init           0x08046839     0x14  Code  Gb  EE_24C02.o [1]
I2C_AcknowledgeConfig   0x08046f1f     0x1c  Code  Gb  stm32f4xx_i2c.o [1]
I2C_CheckEvent          0x08046f5f     0x24  Code  Gb  stm32f4xx_i2c.o [1]
I2C_ClearFlag           0x08046fc5      0xc  Code  Gb  stm32f4xx_i2c.o [1]
I2C_Cmd                 0x08046eb5     0x1c  Code  Gb  stm32f4xx_i2c.o [1]
I2C_Config              0x080467f5     0x44  Code  Lc  EE_24C02.o [1]
I2C_EE_BufferRead       0x08046a03     0xd4  Code  Gb  EE_24C02.o [1]
I2C_EE_BufferWrite      0x0804684d    0x130  Code  Gb  EE_24C02.o [1]
I2C_EE_PageWrite        0x0804697d     0x86  Code  Gb  EE_24C02.o [1]
I2C_EE_WaitEepromStandbyState
                        0x08046ad7     0x48  Code  Gb  EE_24C02.o [1]
I2C_GenerateSTART       0x08046ed1     0x1c  Code  Gb  stm32f4xx_i2c.o [1]
I2C_GenerateSTOP        0x08046eed     0x1c  Code  Gb  stm32f4xx_i2c.o [1]
I2C_GetFlagStatus       0x08046f83     0x42  Code  Gb  stm32f4xx_i2c.o [1]
I2C_Init                0x08046de5     0xc2  Code  Gb  stm32f4xx_i2c.o [1]
I2C_ReadRegister        0x08046f47     0x18  Code  Gb  stm32f4xx_i2c.o [1]
I2C_ReceiveData         0x08046f41      0x6  Code  Gb  stm32f4xx_i2c.o [1]
I2C_Send7bitAddress     0x08046f09     0x16  Code  Gb  stm32f4xx_i2c.o [1]
I2C_SendData            0x08046f3b      0x6  Code  Gb  stm32f4xx_i2c.o [1]
IncPIDCalc              0x08048fb3     0x6c  Code  Gb  PID.o [1]
Insert_to_queue         0x080480bf    0x28a  Code  Gb  Scope.o [1]
KEYGpio_Init            0x08046be1     0xac  Code  Gb  KEY.o [1]
LCD_Clear               0x080450e7     0x32  Code  Gb  lcd.o [1]
LCD_Display_Dir         0x08044c95     0x7a  Code  Gb  lcd.o [1]
LCD_DrawLine            0x0804516d     0xbe  Code  Gb  lcd.o [1]
LCD_DrawPoint           0x08044bed     0x18  Code  Gb  lcd.o [1]
LCD_Draw_Circle         0x0804522b     0xde  Code  Gb  lcd.o [1]
LCD_Fast_DrawPoint      0x08044c05     0x90  Code  Gb  lcd.o [1]
LCD_Fill                0x08045119     0x54  Code  Gb  lcd.o [1]
LCD_Init                0x08044d0f    0x3d8  Code  Gb  lcd.o [1]
LCD_Scan_Dir            0x08044adf    0x10e  Code  Gb  lcd.o [1]
LCD_SetCursor           0x08044a1b     0xc4  Code  Gb  lcd.o [1]
LCD_ShowChar            0x080453b9    0x136  Code  Gb  lcd.o [1]
LCD_ShowCharString      0x080454ef     0x5c  Code  Gb  lcd.o [1]
LCD_ShowHzString        0x08045309     0xb0  Code  Gb  lcd.o [1]
LCD_ShowString          0x08045559     0x5e  Code  Gb  lcd.o [1]
LCD_WR_DATA             0x080449f7      0x8  Code  Gb  lcd.o [1]
LCD_WR_REG              0x080449ef      0x8  Code  Gb  lcd.o [1]
LCD_WriteRAM_Prepare    0x08044a0d      0xe  Code  Gb  lcd.o [1]
LCD_WriteReg            0x080449ff      0xe  Code  Gb  lcd.o [1]
LCD_delayms             0x080449cb     0x24  Code  Gb  lcd.o [1]
LCD_delayus             0x080449b1     0x1a  Code  Gb  lcd.o [1]
LEDGpio_Init0           0x08049225     0xa8  Code  Gb  LED.o [1]
LoadInt                 0x08043413     0x7a  Code  Lc  xprintflarge_nomb.o [3]
MemManage_Handler       0x0804940d      0x2  Code  Gb  stm32f4xx_it.o [1]
NMI_Handler             0x08049409      0x2  Code  Gb  stm32f4xx_it.o [1]
NVIC_Init               0x080466ff     0x62  Code  Gb  misc.o [1]
NVIC_PriorityGroupConfig
                        0x080466f5      0xa  Code  Gb  misc.o [1]
NVIC_SetPriority        0x08047b19     0x24  Code  Lc  delay.o [1]
PIDInit                 0x08048f79     0x3a  Code  Gb  PID.o [1]
PendSV_Handler          0x08049417      0x2  Code  Gb  stm32f4xx_it.o [1]
RCC_AHB1PeriphClockCmd  0x080456b5     0x28  Code  Gb  stm32f4xx_rcc.o [1]
RCC_AHB3PeriphClockCmd  0x080456dd     0x20  Code  Gb  stm32f4xx_rcc.o [1]
RCC_APB1PeriphClockCmd  0x080456fd     0x20  Code  Gb  stm32f4xx_rcc.o [1]
RCC_APB1PeriphResetCmd  0x0804573d     0x20  Code  Gb  stm32f4xx_rcc.o [1]
RCC_APB2PeriphClockCmd  0x0804571d     0x20  Code  Gb  stm32f4xx_rcc.o [1]
RCC_GetClocksFreq       0x080455d9     0xdc  Code  Gb  stm32f4xx_rcc.o [1]
RGB_turn                0x08047c11     0x82  Code  Gb  Interface.o [1]
ReceiveBuffer           0x20000f2c    0x12c  Data  Gb  USART3.o [1]
Region$$Table$$Base     0x08049538            --   Gb  - Linker created -
Region$$Table$$Limit    0x0804955c            --   Gb  - Linker created -
Remote_Init             0x080459dd     0xe8  Code  Gb  remote.o [1]
Remote_Scan             0x08045ca3     0x78  Code  Gb  remote.o [1]
SVC_Handler             0x08049413      0x2  Code  Gb  stm32f4xx_it.o [1]
Scope                   0x20000108    0xe24  Data  Gb  Scope.o [1]
Scope_data_show         0x080483df     0x66  Code  Gb  Scope.o [1]
Scope_init              0x08048035     0x8a  Code  Gb  Scope.o [1]
Scope_init::re_init     0x2000117f      0x1  Data  Lc  Scope.o [1]
Scope_show              0x08048445     0x56  Code  Gb  Scope.o [1]
Scope_show::frent       0x20001180      0x1  Data  Lc  Scope.o [1]
SetSysClock             0x08049123     0xce  Code  Lc  system_stm32f4xx.o [1]
SysTick_Config          0x08047b3d     0x2e  Code  Lc  delay.o [1]
SysTick_Handler         0x08049419     0x28  Code  Gb  stm32f4xx_it.o [1]
SysTick_Init            0x08047b6b     0x18  Code  Gb  delay.o [1]
SystemCoreClock         0x20000100      0x4  Data  Gb  system_stm32f4xx.o [1]
SystemInit              0x080490d1     0x52  Code  Gb  system_stm32f4xx.o [1]
TI1_Config              0x08046615     0x34  Code  Lc  stm32f4xx_tim.o [1]
TI2_Config              0x08046649     0x3a  Code  Lc  stm32f4xx_tim.o [1]
TI3_Config              0x08046683     0x38  Code  Lc  stm32f4xx_tim.o [1]
TI4_Config              0x080466bb     0x3a  Code  Lc  stm32f4xx_tim.o [1]
TIM1_CC_IRQHandler      0x08045b55    0x14e  Code  Gb  remote.o [1]
TIM1_UP_TIM10_IRQHandler
                        0x08045ac5     0x90  Code  Gb  remote.o [1]
TIM2_IRQHandler         0x080495c9     0x1c  Code  Gb  TIM2Hander.o [1]
TIM3_PWM_Init           0x080492d9     0x9c  Code  Gb  PWM.o [1]
TIM_ClearITPendingBit   0x0804660d      0x8  Code  Gb  stm32f4xx_tim.o [1]
TIM_Cmd                 0x08046431     0x1c  Code  Gb  stm32f4xx_tim.o [1]
TIM_GetCapture1         0x08046581      0x4  Code  Gb  stm32f4xx_tim.o [1]
TIM_GetITStatus         0x080465e9     0x24  Code  Gb  stm32f4xx_tim.o [1]
TIM_ICInit              0x08046511     0x70  Code  Gb  stm32f4xx_tim.o [1]
TIM_ITConfig            0x080465d1     0x18  Code  Gb  stm32f4xx_tim.o [1]
TIM_OC1PolarityConfig   0x08046501     0x10  Code  Gb  stm32f4xx_tim.o [1]
TIM_OC3Init             0x0804644d     0x84  Code  Gb  stm32f4xx_tim.o [1]
TIM_OC3PreloadConfig    0x080464f1     0x10  Code  Gb  stm32f4xx_tim.o [1]
TIM_SetCompare3         0x080464ed      0x4  Code  Gb  stm32f4xx_tim.o [1]
TIM_SetCounter          0x0804642d      0x4  Code  Gb  stm32f4xx_tim.o [1]
TIM_SetIC1Prescaler     0x08046585     0x12  Code  Gb  stm32f4xx_tim.o [1]
TIM_SetIC2Prescaler     0x08046597     0x14  Code  Gb  stm32f4xx_tim.o [1]
TIM_SetIC3Prescaler     0x080465ab     0x12  Code  Gb  stm32f4xx_tim.o [1]
TIM_SetIC4Prescaler     0x080465bd     0x14  Code  Gb  stm32f4xx_tim.o [1]
TIM_TimeBaseInit        0x080463c5     0x68  Code  Gb  stm32f4xx_tim.o [1]
TemperControl           0x0804901f     0x9c  Code  Gb  PID.o [1]
TimingDelay             0x2000116c      0x4  Data  Gb  delay.o [1]
TimingDelay_Decrement   0x08047b9f     0x14  Code  Gb  delay.o [1]
UART3_Configuration     0x08048935     0xe8  Code  Gb  USART3.o [1]
USART3_IRQHandler       0x08049441     0x38  Code  Gb  stm32f4xx_it.o [1]
USART3_Senddata         0x08048a41     0x2a  Code  Gb  USART3.o [1]
USART_ClearITPendingBit
                        0x08048e41     0x20  Code  Gb  stm32f4xx_usart.o [1]
USART_Cmd               0x08048d41     0x1c  Code  Gb  stm32f4xx_usart.o [1]
USART_GetFlagStatus     0x08048dc1     0x1a  Code  Gb  stm32f4xx_usart.o [1]
USART_GetITStatus       0x08048ddb     0x66  Code  Gb  stm32f4xx_usart.o [1]
USART_ITConfig          0x08048d6d     0x54  Code  Gb  stm32f4xx_usart.o [1]
USART_Init              0x08048c79     0xb8  Code  Gb  stm32f4xx_usart.o [1]
USART_ReceiveData       0x08048d65      0x8  Code  Gb  stm32f4xx_usart.o [1]
USART_SendData          0x08048d5d      0x8  Code  Gb  stm32f4xx_usart.o [1]
Uart3                   0x20001160      0xc  Data  Gb  USART3.o [1]
Uart3_process           0x08048a6d    0x1be  Code  Gb  USART3.o [1]
UsageFault_Handler      0x08049411      0x2  Code  Gb  stm32f4xx_it.o [1]
Usual_data_show         0x080479e5     0xca  Code  Gb  DS18B20.o [1]
Usual_data_show::times1
                        0x20001177      0x1  Data  Lc  DS18B20.o [1]
Vitta_cursor_show       0x08047e1f    0x1d2  Code  Gb  Interface.o [1]
Vitta_cursor_show::last_seat
                        0x20001179      0x1  Data  Lc  Interface.o [1]
Vitta_cursor_show::turn_flag
                        0x20000104      0x1  Data  Lc  Interface.o [1]
Vitta_show              0x08047c93    0x18c  Code  Gb  Interface.o [1]
_GenldLargeNoMb         0x08043bb5    0x248  Code  Lc  xprintflarge_nomb.o [3]
_LdtobLargeNoMb         0x0804394d    0x240  Code  Lc  xprintflarge_nomb.o [3]
_LitobLargeNoMb         0x080437f5    0x112  Code  Lc  xprintflarge_nomb.o [3]
_Locale_lconv           0x20000048     0x38  Data  Lc  xlocale_c.o [3]
_PrintfLargeNoMb        0x08043269    0x1a4  Code  Gb  xprintflarge_nomb.o [3]
_Prout                  0x080495e5     0x16  Code  Gb  xprout.o [3]
_PutcharsLargeNoMb      0x08043dfd     0x2e  Code  Lc  xprintflarge_nomb.o [3]
_PutfldLargeNoMb        0x0804348d    0x25c  Code  Lc  xprintflarge_nomb.o [3]
_PuttxtLargeNoMb        0x080436e9    0x10c  Code  Lc  xprintflarge_nomb.o [3]
_SProut                 0x08043e93      0xa  Code  Gb  xsprout.o [3]
__aeabi_cdcmple         0x08044471           Code  Gb  DblCmpLe.o [4]
__aeabi_d2iz            0x08047bd5           Code  Gb  DblToS32.o [4]
__aeabi_d2uiz           0x080446e9           Code  Gb  DblToU32.o [4]
__aeabi_dadd            0x08044825           Code  Gb  DblAdd.o [4]
__aeabi_ddiv            0x080444a1           Code  Gb  DblDiv.o [4]
__aeabi_dmul            0x080441b5           Code  Gb  DblMul.o [4]
__aeabi_dsub            0x0804472d           Code  Gb  DblSub.o [4]
__aeabi_f2d             0x08046d9d           Code  Gb  FltToDbl.o [4]
__aeabi_i2d             0x08046d39           Code  Gb  S32ToDbl.o [4]
__aeabi_ldiv0           0x08044821           Code  Gb  I64DivZer.o [5]
__aeabi_memclr4         0x08048e61           Code  Gb  ABImemclr4.o [5]
__aeabi_memcpy          0x08044359           Code  Gb  ABImemcpy.o [5]
__aeabi_memcpy4         0x08044379           Code  Gb  ABImemcpy.o [5]
__aeabi_memcpy8         0x08044379           Code  Gb  ABImemcpy.o [5]
__aeabi_memset          0x08048e91           Code  Gb  ABImemset.o [5]
__aeabi_ui2d            0x08044711           Code  Gb  U32ToDbl.o [4]
__aeabi_uldivmod        0x08043f85           Code  Gb  I64DivMod.o [5]
__cmain                 0x0804955d           Code  Gb  cmain.o [5]
__exit                  0x0804499d     0x14  Code  Gb  exit.o [6]
__iar_Fail_s            0x08043eb5     0x1c  Code  Gb  xfail_s.o [3]
__iar_Memchr            0x08043f2d           Code  Gb  memchr.o [5]
__iar_Memset            0x08048e91           Code  Gb  ABImemset.o [5]
__iar_Memset4_word      0x08048f45           Code  Gb  ABImemset48.o [5]
__iar_Memset8_word      0x08048f45           Code  Gb  ABImemset48.o [5]
__iar_Memset_word       0x08048e99           Code  Gb  ABImemset.o [5]
__iar_Stdout            0x20000000     0x48  Data  Gb  xfiles.o [3]
__iar_Strchr            0x08043e9d           Code  Gb  strchr.o [5]
__iar_copy_init3        0x080494c1     0x2c  Code  Gb  copy_init3.o [5]
__iar_dadd              0x0804473d           Code  Gb  DblSub.o [4]
__iar_data_init3        0x080494ed     0x28  Code  Gb  data_init.o [5]
__iar_dsub              0x08044835           Code  Gb  DblAdd.o [4]
__iar_dsubStart         0x08044847           Code  Gb  DblAdd.o [4]
__iar_frexp             0x0804440d           Code  Gb  frexp.o [4]
__iar_frexpl            0x0804440d           Code  Gb  frexp.o [4]
__iar_init_vfp          0x08049515           Code  Gb  fpinit_M.o [4]
__iar_program_start     0x08049789           Code  Gb  cstartup_M.o [5]
__iar_softfp___iar_frexp64
                        0x08044401           Code  Gb  frexp.o [4]
__iar_softfp_frexp      0x08044401           Code  Gb  frexp.o [4]
__iar_softfp_frexpl     0x08044401           Code  Gb  frexp.o [4]
__iar_systems$$module {Abs}
                        0x00000001           Data  Gb  command line/config [2]
__iar_zero_init3        0x08049481     0x40  Code  Gb  zero_init3.o [5]
__low_level_init        0x0804957b      0x4  Code  Gb  low_level_init.o [3]
__vector_table          0x08000000           Data  Gb  startup_stm32f40_41xxx.o [1]
_call_main              0x08049569           Code  Gb  cmain.o [5]
_exit                   0x08049585           Code  Gb  cexit.o [5]
_main                   0x08049577           Code  Gb  cmain.o [5]
abort                   0x08044819      0x6  Code  Gb  abort.o [3]
abs                     0x080484b9      0x8  Code  Gb  abs.o [3]
asc2_1206               0x080484c0    0x474  Data  Gb  lcd.o [1]
asc2_1608               0x08046fd0    0x5f0  Data  Gb  lcd.o [1]
asc2_2412               0x0804250c    0xd5c  Data  Gb  lcd.o [1]
delay_ms                0x08047b91      0xe  Code  Gb  delay.o [1]
delay_us                0x08047b83      0xe  Code  Gb  delay.o [1]
ds18b20_init_show       0x08047813     0xc4  Code  Gb  DS18B20.o [1]
exit                    0x0804957f      0x4  Code  Gb  exit.o [3]
format_e                0x200000c0     0x20  Data  Gb  USART3.o [1]
format_s                0x200000a0     0x20  Data  Gb  USART3.o [1]
fputc                   0x08048a1d     0x24  Code  Gb  USART3.o [1]
key_process             0x08045d51    0x610  Code  Gb  remote.o [1]
key_process::grade      0x2000117e      0x1  Data  Lc  remote.o [1]
key_process::lock       0x2000117d      0x1  Data  Lc  remote.o [1]
key_read                0x08046c8d     0x92  Code  Gb  KEY.o [1]
key_read::re_flag       0x2000117b      0x1  Data  Lc  KEY.o [1]
key_read::times         0x2000117a      0x1  Data  Lc  KEY.o [1]
lcddev                  0x20001148      0xc  Data  Gb  lcd.o [1]
localeconv              0x08044811      0x4  Code  Gb  xlocale_c.o [3]
main                    0x08049375     0x94  Code  Gb  main.o [1]
memchr                  0x08043f2d           Code  Gb  memchr.o [5]
mydata                  0x20001120     0x28  Data  Gb  EE_24C02.o [1]
obuf                    0x20001058     0x50  Data  Lc  xfiles.o [3]
printf                  0x08048e69     0x28  Code  Gb  printf.o [3]
putchar                 0x080495fd      0xc  Code  Gb  putchar.o [3]
read_user_data          0x08046b61     0x44  Code  Gb  EE_24C02.o [1]
remote                  0x20001154      0xc  Data  Gb  remote.o [1]
remote_key_read         0x08045d1b     0x36  Code  Lc  remote.o [1]
remote_key_read::re_flag
                        0x2000117c      0x1  Data  Lc  remote.o [1]
save_flag               0x20001178      0x1  Data  Gb  EE_24C02.o [1]
save_user_data          0x08046b1f     0x42  Code  Gb  EE_24C02.o [1]
scale                   0x08043907     0x46  Code  Lc  xprintflarge_nomb.o [3]
seat                    0x200010dc     0x14  Data  Gb  remote.o [1]
sec_hand                0x20001170      0x4  Data  Lc  xfail_s.o [3]
spid                    0x200010f0     0x30  Data  Gb  PID.o [1]
sprintf                 0x08046d5d     0x40  Code  Gb  sprintf.o [3]
strbuff                 0x200010a8     0x34  Data  Gb  lcd.o [1]
strchr                  0x08043e9d           Code  Gb  strchr.o [5]
strcmp                  0x08048ef9           Code  Gb  strcmp.o [5]
strlen                  0x08043ef5           Code  Gb  strlen.o [5]
temperature             0x200000f8      0x4  Data  Gb  DS18B20.o [1]


[1] = F:\STM32F407_Folder\工程1\Debug\Obj
[2] = command line
[3] = dl7M_tlf.a
[4] = m7M_tls.a
[5] = rt7M_tl.a
[6] = shb_l.a

   23 480 bytes of readonly  code memory
  278 184 bytes of readonly  data memory
   12 671 bytes of readwrite data memory

Errors: none
Warnings: none
