###############################################################################
#
# IAR ELF Linker V8.22.1.15669/W32 for ARM                19/Jun/2019  18:37:53
# Copyright 2007-2018 IAR Systems AB.
#
#    Output file  =  F:\STM32F407_Folder\工程1\Debug\Exe\template_project.out
#    Map file     =  
#        F:\STM32F407_Folder\工程1\Debug\List\template_project.map
#    Command line =  
#        -f C:\Users\ZHANGY~1\AppData\Local\Temp\EW27E8.tmp
#        (F:\STM32F407_Folder\工程1\Debug\Obj\main.o
#        F:\STM32F407_Folder\工程1\Debug\Obj\misc.o
#        F:\STM32F407_Folder\工程1\Debug\Obj\startup_stm32f40_41xxx.o
#        F:\STM32F407_Folder\工程1\Debug\Obj\stm32f4xx_adc.o
#        F:\STM32F407_Folder\工程1\Debug\Obj\stm32f4xx_can.o
#        F:\STM32F407_Folder\工程1\Debug\Obj\stm32f4xx_crc.o
#        F:\STM32F407_Folder\工程1\Debug\Obj\stm32f4xx_cryp.o
#        F:\STM32F407_Folder\工程1\Debug\Obj\stm32f4xx_cryp_aes.o
#        F:\STM32F407_Folder\工程1\Debug\Obj\stm32f4xx_cryp_des.o
#        F:\STM32F407_Folder\工程1\Debug\Obj\stm32f4xx_cryp_tdes.o
#        F:\STM32F407_Folder\工程1\Debug\Obj\stm32f4xx_dac.o
#        F:\STM32F407_Folder\工程1\Debug\Obj\stm32f4xx_dbgmcu.o
#        F:\STM32F407_Folder\工程1\Debug\Obj\stm32f4xx_dcmi.o
#        F:\STM32F407_Folder\工程1\Debug\Obj\stm32f4xx_dma.o
#        F:\STM32F407_Folder\工程1\Debug\Obj\stm32f4xx_dma2d.o
#        F:\STM32F407_Folder\工程1\Debug\Obj\stm32f4xx_exti.o
#        F:\STM32F407_Folder\工程1\Debug\Obj\stm32f4xx_flash.o
#        F:\STM32F407_Folder\工程1\Debug\Obj\stm32f4xx_flash_ramfunc.o
#        F:\STM32F407_Folder\工程1\Debug\Obj\stm32f4xx_fsmc.o
#        F:\STM32F407_Folder\工程1\Debug\Obj\stm32f4xx_gpio.o
#        F:\STM32F407_Folder\工程1\Debug\Obj\stm32f4xx_hash.o
#        F:\STM32F407_Folder\工程1\Debug\Obj\stm32f4xx_hash_md5.o
#        F:\STM32F407_Folder\工程1\Debug\Obj\stm32f4xx_hash_sha1.o
#        F:\STM32F407_Folder\工程1\Debug\Obj\stm32f4xx_i2c.o
#        F:\STM32F407_Folder\工程1\Debug\Obj\stm32f4xx_it.o
#        F:\STM32F407_Folder\工程1\Debug\Obj\stm32f4xx_iwdg.o
#        F:\STM32F407_Folder\工程1\Debug\Obj\stm32f4xx_ltdc.o
#        F:\STM32F407_Folder\工程1\Debug\Obj\stm32f4xx_pwr.o
#        F:\STM32F407_Folder\工程1\Debug\Obj\stm32f4xx_rcc.o
#        F:\STM32F407_Folder\工程1\Debug\Obj\stm32f4xx_rng.o
#        F:\STM32F407_Folder\工程1\Debug\Obj\stm32f4xx_rtc.o
#        F:\STM32F407_Folder\工程1\Debug\Obj\stm32f4xx_sai.o
#        F:\STM32F407_Folder\工程1\Debug\Obj\stm32f4xx_sdio.o
#        F:\STM32F407_Folder\工程1\Debug\Obj\stm32f4xx_spi.o
#        F:\STM32F407_Folder\工程1\Debug\Obj\stm32f4xx_syscfg.o
#        F:\STM32F407_Folder\工程1\Debug\Obj\stm32f4xx_tim.o
#        F:\STM32F407_Folder\工程1\Debug\Obj\stm32f4xx_usart.o
#        F:\STM32F407_Folder\工程1\Debug\Obj\stm32f4xx_wwdg.o
#        F:\STM32F407_Folder\工程1\Debug\Obj\system_stm32f4xx.o -o
#        F:\STM32F407_Folder\工程1\Debug\Exe\template_project.out --map
#        F:\STM32F407_Folder\工程1\Debug\List\template_project.map --config
#        D:\IAR8.2\arm\CONFIG\generic_cortex.icf --semihosting --entry
#        __iar_program_start --vfe --text_out locale)
#
###############################################################################

*******************************************************************************
*** RUNTIME MODEL ATTRIBUTES
***

CppFlavor       = *
__SystemLibrary = DLib
__dlib_version  = 6


*******************************************************************************
*** HEAP SELECTION
***

The basic heap was selected because no calls to memory allocation
functions were found in the application outside of system library
functions, and there are calls to deallocation functions in the
application.


*******************************************************************************
*** PLACEMENT SUMMARY
***

"A0":  place at 0x00000000 { ro section .intvec };
"P1":  place in [from 0x00000000 to 0x0007ffff] { ro };
define block CSTACK with size = 1K, alignment = 8 { };
define block PROC_STACK with size = 0M, alignment = 8 { };
define block HEAP with size = 2K, alignment = 8 { };
"P2":  place in [from 0x20000000 to 0x2000ffff] {
          rw, block CSTACK, block PROC_STACK, block HEAP };
initialize by copy { rw };

  Section            Kind        Address   Size  Object
  -------            ----        -------   ----  ------
"A0":                                     0x188
  .intvec            ro code  0x00000000  0x188  startup_stm32f40_41xxx.o [1]
                            - 0x00000188  0x188

"P1":                                     0x755
  .text              ro code  0x00000188  0x204  main.o [1]
  .text              ro code  0x0000038c  0x11c  stm32f4xx_rcc.o [1]
  .text              ro code  0x000004a8   0xac  stm32f4xx_gpio.o [1]
  .text              ro code  0x00000554  0x144  system_stm32f4xx.o [1]
  .text              ro code  0x00000698   0x38  packbits_init_single.o [4]
  .text              ro code  0x000006d0   0x28  data_init.o [4]
  .iar.init_table    const    0x000006f8   0x10  - Linker created -
  .text              ro code  0x00000708   0x1e  cmain.o [4]
  .text              ro code  0x00000726    0x4  low_level_init.o [3]
  .text              ro code  0x0000072a    0x4  exit.o [3]
  .text              ro code  0x00000730    0xa  cexit.o [4]
  .text              ro code  0x0000073c   0x14  exit.o [5]
  .text              ro code  0x00000750   0x18  stm32f4xx_it.o [1]
  .text              ro code  0x00000768   0x10  startup_stm32f40_41xxx.o [1]
  .text              ro code  0x00000778    0xc  cstartup_M.o [4]
  .text              ro code  0x00000784    0x4  startup_stm32f40_41xxx.o [1]
  .text              ro code  0x00000788    0x4  startup_stm32f40_41xxx.o [1]
  .text              ro code  0x0000078c    0x4  startup_stm32f40_41xxx.o [1]
  .text              ro code  0x00000790    0x4  startup_stm32f40_41xxx.o [1]
  .text              ro code  0x00000794    0x4  startup_stm32f40_41xxx.o [1]
  .text              ro code  0x00000798    0x4  startup_stm32f40_41xxx.o [1]
  .text              ro code  0x0000079c    0x4  startup_stm32f40_41xxx.o [1]
  .text              ro code  0x000007a0    0x4  startup_stm32f40_41xxx.o [1]
  .text              ro code  0x000007a4    0x4  startup_stm32f40_41xxx.o [1]
  .text              ro code  0x000007a8    0x4  startup_stm32f40_41xxx.o [1]
  .text              ro code  0x000007ac    0x4  startup_stm32f40_41xxx.o [1]
  .text              ro code  0x000007b0    0x4  startup_stm32f40_41xxx.o [1]
  .text              ro code  0x000007b4    0x4  startup_stm32f40_41xxx.o [1]
  .text              ro code  0x000007b8    0x4  startup_stm32f40_41xxx.o [1]
  .text              ro code  0x000007bc    0x4  startup_stm32f40_41xxx.o [1]
  .text              ro code  0x000007c0    0x4  startup_stm32f40_41xxx.o [1]
  .text              ro code  0x000007c4    0x4  startup_stm32f40_41xxx.o [1]
  .text              ro code  0x000007c8    0x4  startup_stm32f40_41xxx.o [1]
  .text              ro code  0x000007cc    0x4  startup_stm32f40_41xxx.o [1]
  .text              ro code  0x000007d0    0x4  startup_stm32f40_41xxx.o [1]
  .text              ro code  0x000007d4    0x4  startup_stm32f40_41xxx.o [1]
  .text              ro code  0x000007d8    0x4  startup_stm32f40_41xxx.o [1]
  .text              ro code  0x000007dc    0x4  startup_stm32f40_41xxx.o [1]
  .text              ro code  0x000007e0    0x4  startup_stm32f40_41xxx.o [1]
  .text              ro code  0x000007e4    0x4  startup_stm32f40_41xxx.o [1]
  .text              ro code  0x000007e8    0x4  startup_stm32f40_41xxx.o [1]
  .text              ro code  0x000007ec    0x4  startup_stm32f40_41xxx.o [1]
  .text              ro code  0x000007f0    0x4  startup_stm32f40_41xxx.o [1]
  .text              ro code  0x000007f4    0x4  startup_stm32f40_41xxx.o [1]
  .text              ro code  0x000007f8    0x4  startup_stm32f40_41xxx.o [1]
  .text              ro code  0x000007fc    0x4  startup_stm32f40_41xxx.o [1]
  .text              ro code  0x00000800    0x4  startup_stm32f40_41xxx.o [1]
  .text              ro code  0x00000804    0x4  startup_stm32f40_41xxx.o [1]
  .text              ro code  0x00000808    0x4  startup_stm32f40_41xxx.o [1]
  .text              ro code  0x0000080c    0x4  startup_stm32f40_41xxx.o [1]
  .text              ro code  0x00000810    0x4  startup_stm32f40_41xxx.o [1]
  .text              ro code  0x00000814    0x4  startup_stm32f40_41xxx.o [1]
  .text              ro code  0x00000818    0x4  startup_stm32f40_41xxx.o [1]
  .text              ro code  0x0000081c    0x4  startup_stm32f40_41xxx.o [1]
  .text              ro code  0x00000820    0x4  startup_stm32f40_41xxx.o [1]
  .text              ro code  0x00000824    0x4  startup_stm32f40_41xxx.o [1]
  .text              ro code  0x00000828    0x4  startup_stm32f40_41xxx.o [1]
  .text              ro code  0x0000082c    0x4  startup_stm32f40_41xxx.o [1]
  .text              ro code  0x00000830    0x4  startup_stm32f40_41xxx.o [1]
  .text              ro code  0x00000834    0x4  startup_stm32f40_41xxx.o [1]
  .text              ro code  0x00000838    0x4  startup_stm32f40_41xxx.o [1]
  .text              ro code  0x0000083c    0x4  startup_stm32f40_41xxx.o [1]
  .text              ro code  0x00000840    0x4  startup_stm32f40_41xxx.o [1]
  .text              ro code  0x00000844    0x4  startup_stm32f40_41xxx.o [1]
  .text              ro code  0x00000848    0x4  startup_stm32f40_41xxx.o [1]
  .text              ro code  0x0000084c    0x4  startup_stm32f40_41xxx.o [1]
  .text              ro code  0x00000850    0x4  startup_stm32f40_41xxx.o [1]
  .text              ro code  0x00000854    0x4  startup_stm32f40_41xxx.o [1]
  .text              ro code  0x00000858    0x4  startup_stm32f40_41xxx.o [1]
  .text              ro code  0x0000085c    0x4  startup_stm32f40_41xxx.o [1]
  .text              ro code  0x00000860    0x4  startup_stm32f40_41xxx.o [1]
  .text              ro code  0x00000864    0x4  startup_stm32f40_41xxx.o [1]
  .text              ro code  0x00000868    0x4  startup_stm32f40_41xxx.o [1]
  .text              ro code  0x0000086c    0x4  startup_stm32f40_41xxx.o [1]
  .text              ro code  0x00000870    0x4  startup_stm32f40_41xxx.o [1]
  .text              ro code  0x00000874    0x4  startup_stm32f40_41xxx.o [1]
  .text              ro code  0x00000878    0x4  startup_stm32f40_41xxx.o [1]
  .text              ro code  0x0000087c    0x4  startup_stm32f40_41xxx.o [1]
  .text              ro code  0x00000880    0x4  startup_stm32f40_41xxx.o [1]
  .text              ro code  0x00000884    0x4  startup_stm32f40_41xxx.o [1]
  .text              ro code  0x00000888    0x4  startup_stm32f40_41xxx.o [1]
  .text              ro code  0x0000088c    0x4  startup_stm32f40_41xxx.o [1]
  .text              ro code  0x00000890    0x4  startup_stm32f40_41xxx.o [1]
  .text              ro code  0x00000894    0x4  startup_stm32f40_41xxx.o [1]
  .text              ro code  0x00000898    0x4  startup_stm32f40_41xxx.o [1]
  .text              ro code  0x0000089c    0x4  startup_stm32f40_41xxx.o [1]
  .text              ro code  0x000008a0    0x4  startup_stm32f40_41xxx.o [1]
  .text              ro code  0x000008a4    0x4  startup_stm32f40_41xxx.o [1]
  .text              ro code  0x000008a8    0x4  startup_stm32f40_41xxx.o [1]
  .text              ro code  0x000008ac    0x4  startup_stm32f40_41xxx.o [1]
  .text              ro code  0x000008b0    0x4  startup_stm32f40_41xxx.o [1]
  .text              ro code  0x000008b4    0x4  startup_stm32f40_41xxx.o [1]
  .text              ro code  0x000008b8    0x4  startup_stm32f40_41xxx.o [1]
  .text              ro code  0x000008bc    0x4  startup_stm32f40_41xxx.o [1]
  .text              ro code  0x000008c0    0x4  startup_stm32f40_41xxx.o [1]
  .text              ro code  0x000008c4    0x4  startup_stm32f40_41xxx.o [1]
  .text              ro code  0x000008c8    0x4  startup_stm32f40_41xxx.o [1]
  .rodata            const    0x000008cc    0x0  packbits_init_single.o [4]
  Initializer bytes  const    0x000008cc   0x11  <for P2-1>
                            - 0x000008dd  0x755

"P2", part 1 of 2:                         0x24
  P2-1                        0x20000000   0x24  <Init block>
    .data            inited   0x20000000   0x10  stm32f4xx_rcc.o [1]
    .bss             inited   0x20000010    0x4  main.o [1]
    .bss             inited   0x20000014   0x10  main.o [1]
                            - 0x20000024   0x24

"P2", part 2 of 2:                        0x400
  CSTACK                      0x20000028  0x400  <Block>
    CSTACK           uninit   0x20000028  0x400  <Block tail>
                            - 0x20000428  0x400


*******************************************************************************
*** INIT TABLE
***

          Address     Size
          -------     ----
Copy/packbits (__iar_packbits_init_single3)
    1 source range, total size 0x11 (47% of destination):
          0x000008cc  0x11
    1 destination range, total size 0x24:
          0x20000000  0x24



*******************************************************************************
*** MODULE SUMMARY
***

    Module                    ro code  ro data  rw data
    ------                    -------  -------  -------
F:\STM32F407_Folder\工程1\Debug\Obj: [1]
    main.o                        516       10       20
    startup_stm32f40_41xxx.o      736
    stm32f4xx_gpio.o              172
    stm32f4xx_it.o                 24
    stm32f4xx_rcc.o               284        7       16
    system_stm32f4xx.o            324
    ---------------------------------------------------
    Total:                      2 056       17       36

command line: [2]
    ---------------------------------------------------
    Total:

dl7M_tln.a: [3]
    exit.o                          4
    low_level_init.o                4
    ---------------------------------------------------
    Total:                          8

rt7M_tl.a: [4]
    cexit.o                        10
    cmain.o                        30
    cstartup_M.o                   12
    data_init.o                    40
    packbits_init_single.o         56
    ---------------------------------------------------
    Total:                        148

shb_l.a: [5]
    exit.o                         20
    ---------------------------------------------------
    Total:                         20

    Gaps                            4
    Linker created                          16    1 024
-------------------------------------------------------
    Grand Total:                2 236       33    1 060


*******************************************************************************
*** ENTRY LIST
***

Entry                      Address  Size  Type      Object
-----                      -------  ----  ----      ------
.iar.init_table$$Base   0x000006f8         --   Gb  - Linker created -
.iar.init_table$$Limit  0x00000708         --   Gb  - Linker created -
?main                   0x00000709        Code  Gb  cmain.o [4]
APBAHBPrescTable        0x20000000  0x10  Data  Lc  stm32f4xx_rcc.o [1]
BusFault_Handler        0x00000757   0x2  Code  Gb  stm32f4xx_it.o [1]
CSTACK$$Base            0x20000028         --   Gb  - Linker created -
CSTACK$$Limit           0x20000428         --   Gb  - Linker created -
DebugMon_Handler        0x0000075d   0x2  Code  Gb  stm32f4xx_it.o [1]
Delay                   0x0000033d  0x14  Code  Lc  main.o [1]
GPIO_Init               0x000004a9  0xa4  Code  Gb  stm32f4xx_gpio.o [1]
GPIO_ResetBits          0x00000551   0x4  Code  Gb  stm32f4xx_gpio.o [1]
GPIO_SetBits            0x0000054d   0x4  Code  Gb  stm32f4xx_gpio.o [1]
HardFault_Handler       0x00000753   0x2  Code  Gb  stm32f4xx_it.o [1]
LEDGpio_Init            0x000001db  0xa8  Code  Gb  main.o [1]
MemManage_Handler       0x00000755   0x2  Code  Gb  stm32f4xx_it.o [1]
NMI_Handler             0x00000751   0x2  Code  Gb  stm32f4xx_it.o [1]
NVIC_SetPriority        0x00000189  0x24  Code  Lc  main.o [1]
PendSV_Handler          0x0000075f   0x2  Code  Gb  stm32f4xx_it.o [1]
RCC_AHB1PeriphClockCmd  0x00000469  0x28  Code  Gb  stm32f4xx_rcc.o [1]
RCC_Clocks              0x20000014  0x10  Data  Gb  main.o [1]
RCC_GetClocksFreq       0x0000038d  0xdc  Code  Gb  stm32f4xx_rcc.o [1]
Region$$Table$$Base     0x000006f8         --   Gb  - Linker created -
Region$$Table$$Limit    0x00000708         --   Gb  - Linker created -
SVC_Handler             0x0000075b   0x2  Code  Gb  stm32f4xx_it.o [1]
SetSysClock             0x0000059b  0xce  Code  Lc  system_stm32f4xx.o [1]
SysTick_Config          0x000001ad  0x2e  Code  Lc  main.o [1]
SysTick_Handler         0x00000761   0x8  Code  Gb  stm32f4xx_it.o [1]
SystemInit              0x00000555  0x46  Code  Gb  system_stm32f4xx.o [1]
TimingDelay_Decrement   0x00000351  0x14  Code  Gb  main.o [1]
UsageFault_Handler      0x00000759   0x2  Code  Gb  stm32f4xx_it.o [1]
__cmain                 0x00000709        Code  Gb  cmain.o [4]
__exit                  0x0000073d  0x14  Code  Gb  exit.o [5]
__iar_data_init3        0x000006d1  0x28  Code  Gb  data_init.o [4]
__iar_packbits_init_single3
                        0x00000699  0x38  Code  Gb  packbits_init_single.o [4]
__iar_program_start     0x00000779        Code  Gb  cstartup_M.o [4]
__iar_systems$$module {Abs}
                        0x00000001        Data  Gb  command line/config [2]
__low_level_init        0x00000727   0x4  Code  Gb  low_level_init.o [3]
__vector_table          0x00000000        Data  Gb  startup_stm32f40_41xxx.o [1]
_call_main              0x00000715        Code  Gb  cmain.o [4]
_exit                   0x00000731        Code  Gb  cexit.o [4]
_main                   0x00000723        Code  Gb  cmain.o [4]
exit                    0x0000072b   0x4  Code  Gb  exit.o [3]
main                    0x00000283  0xba  Code  Gb  main.o [1]
uwTimingDelay           0x20000010   0x4  Data  Lc  main.o [1]


[1] = F:\STM32F407_Folder\工程1\Debug\Obj
[2] = command line
[3] = dl7M_tln.a
[4] = rt7M_tl.a
[5] = shb_l.a

  2 236 bytes of readonly  code memory
     33 bytes of readonly  data memory
  1 060 bytes of readwrite data memory

Errors: none
Warnings: none
